// Jest Snapshot v1, https://goo.gl/fbAQLP

exports[`createBlueprint generate blueprint code as expected 1`] = `{}`;
